// Jest Snapshot v1, https://goo.gl/fbAQLP

exports[`<Main /> should be able to render the heading 1`] = `
.c0 {
  display: -webkit-box;
  display: -webkit-flex;
  display: -ms-flexbox;
  display: flex;
  -webkit-align-items: center;
  -webkit-box-align: center;
  -ms-flex-align: center;
  align-items: center;
  -webkit-box-pack: center;
  -webkit-justify-content: center;
  -ms-flex-pack: center;
  justify-content: center;
  -webkit-flex: 1;
  -ms-flex: 1;
  flex: 1;
  width: 100%;
  height: 100%;
  color: #ffffff;
  background-color: #05092b;
}

.c1 {
  font-size: 2rem;
  font-weight: 400;
}

<div>
  <main
    class="c0"
  >
    <h1
      class="c1"
    >
      Burk.dev
    </h1>
  </main>
</div>
`
